
build_error.log:6:C:\U
sers\flole\Desktop\P1R
V_CUDA\P1RV_CUDA\lsmc.
cu(344): error : 
identifier "reduce_min
max_kernel" is 
undefined [C:\Users\fl
ole\Desktop\P1RV_CUDA\
build\P1RV_CUDA.vcxpro
j]
build_error.log:10:C:\
Users\flole\Desktop\P1
RV_CUDA\P1RV_CUDA\lsmc
.cu(467): error : 
identifier 
"sum_reduce_kernel" 
is undefined [C:\Users
\flole\Desktop\P1RV_CU
DA\build\P1RV_CUDA.vcx
proj]
build_error.log:14:  
2 errors detected in 
the compilation of "C:
/Users/flole/Desktop/P
1RV_CUDA/P1RV_CUDA/lsm
c.cu".
build_error.log:16:C:\
Program Files 
(x86)\Microsoft 
Visual Studio\2022\Bui
ldTools\MSBuild\Micros
oft\VC\v170\BuildCusto
mizations\CUDA 
13.1.targets(803,9): 
error MSB3721: La 
commande ""C:\Program 
Files\NVIDIA GPU 
Computing Toolkit\CUDA
\v13.1\bin\nvcc.exe"  
--use-local-env 
-ccbin "C:\Program 
Files (x86)\Microsoft 
Visual Studio\2022\Bui
ldTools\VC\Tools\MSVC\
14.42.34433\bin\HostX6
4\x64" -x cu 
-rdc=true  -IC:\Users\
flole\Desktop\P1RV_CUD
A\P1RV_CUDA 
-I"C:\Program 
Files\NVIDIA GPU 
Computing Toolkit\CUDA
\v13.1\include" 
-I"C:\Program 
Files\NVIDIA GPU 
Computing Toolkit\CUDA
\v13.1\include"     
--keep-dir 
P1RV_CUDA\x64\Release 
 -maxrregcount=0    
--machine 64 
--compile -cudart 
static -std=c++17 --ge
nerate-code=arch=compu
te_89,code=[compute_89
,sm_89] 
-Xcompiler="/EHsc 
-Ob2 /openmp"   
-D_WINDOWS -DNDEBUG 
-DNOMINMAX -D"CMAKE_IN
TDIR=\"Release\"" 
-D_MBCS -DWIN32 
-D_WINDOWS -DNDEBUG 
-DNOMINMAX -D"CMAKE_IN
TDIR=\"Release\"" 
-Xcompiler "/EHsc /W1 
/nologo /O2 /FS   /MD 
/GR" -Xcompiler "/FdP1
RV_CUDA.dir\Release\vc
143.pdb" -o P1RV_CUDA.
dir\Release\/P1RV_CUDA
/lsmc.cu.obj "C:\Users
\flole\Desktop\P1RV_CU
DA\P1RV_CUDA\lsmc.cu""
 s'est arr├¬t├®e avec 
le code 2. [C:\Users\f
lole\Desktop\P1RV_CUDA
\build\P1RV_CUDA.vcxpr
oj]


